
  .   ____          _            __ _ _
 /\\ / ___'_ __ _ _(_)_ __  __ _ \ \ \ \
( ( )\___ | '_ | '_| | '_ \/ _` | \ \ \ \
 \\/  ___)| |_)| | | | | || (_| |  ) ) ) )
  '  |____| .__|_| |_|_| |_\__, | / / / /
 =========|_|==============|___/=/_/_/_/

 :: Spring Boot ::               (v3.4.12)

2025-12-27T23:00:55.498+05:30  INFO 13326 --- [Ecom] [           main] com.learn.Ecom.EcomApplication           : Starting EcomApplication v0.0.1-SNAPSHOT using Java 21.0.9 with PID 13326 (/Users/sritharunvuppu/IdeaProjects/EcommerceApp/target/Ecom-0.0.1-SNAPSHOT.jar started by sritharunvuppu in /Users/sritharunvuppu/IdeaProjects/EcommerceApp)
2025-12-27T23:00:55.500+05:30  INFO 13326 --- [Ecom] [           main] com.learn.Ecom.EcomApplication           : No active profile set, falling back to 1 default profile: "default"
2025-12-27T23:00:55.867+05:30  INFO 13326 --- [Ecom] [           main] .s.d.r.c.RepositoryConfigurationDelegate : Bootstrapping Spring Data JPA repositories in DEFAULT mode.
2025-12-27T23:00:55.892+05:30  INFO 13326 --- [Ecom] [           main] .s.d.r.c.RepositoryConfigurationDelegate : Finished Spring Data repository scanning in 21 ms. Found 2 JPA repository interfaces.
2025-12-27T23:00:56.149+05:30  INFO 13326 --- [Ecom] [           main] o.s.b.w.embedded.tomcat.TomcatWebServer  : Tomcat initialized with port 8080 (http)
2025-12-27T23:00:56.156+05:30  INFO 13326 --- [Ecom] [           main] o.apache.catalina.core.StandardService   : Starting service [Tomcat]
2025-12-27T23:00:56.156+05:30  INFO 13326 --- [Ecom] [           main] o.apache.catalina.core.StandardEngine    : Starting Servlet engine: [Apache Tomcat/10.1.49]
2025-12-27T23:00:56.167+05:30  INFO 13326 --- [Ecom] [           main] o.a.c.c.C.[Tomcat].[localhost].[/]       : Initializing Spring embedded WebApplicationContext
2025-12-27T23:00:56.167+05:30  INFO 13326 --- [Ecom] [           main] w.s.c.ServletWebServerApplicationContext : Root WebApplicationContext: initialization completed in 641 ms
2025-12-27T23:00:56.225+05:30  INFO 13326 --- [Ecom] [           main] o.hibernate.jpa.internal.util.LogHelper  : HHH000204: Processing PersistenceUnitInfo [name: default]
2025-12-27T23:00:56.246+05:30  INFO 13326 --- [Ecom] [           main] org.hibernate.Version                    : HHH000412: Hibernate ORM core version 6.6.36.Final
2025-12-27T23:00:56.260+05:30  INFO 13326 --- [Ecom] [           main] o.h.c.internal.RegionFactoryInitiator    : HHH000026: Second-level cache disabled
2025-12-27T23:00:56.368+05:30  INFO 13326 --- [Ecom] [           main] o.s.o.j.p.SpringPersistenceUnitInfo      : No LoadTimeWeaver setup: ignoring JPA class transformer
2025-12-27T23:00:56.381+05:30  INFO 13326 --- [Ecom] [           main] com.zaxxer.hikari.HikariDataSource       : HikariPool-1 - Starting...
2025-12-27T23:00:56.470+05:30  INFO 13326 --- [Ecom] [           main] com.zaxxer.hikari.pool.HikariPool        : HikariPool-1 - Added connection conn0: url=jdbc:h2:mem:ecommerce user=SA
2025-12-27T23:00:56.471+05:30  INFO 13326 --- [Ecom] [           main] com.zaxxer.hikari.HikariDataSource       : HikariPool-1 - Start completed.
2025-12-27T23:00:56.496+05:30  INFO 13326 --- [Ecom] [           main] org.hibernate.orm.connections.pooling    : HHH10001005: Database info:
	Database JDBC URL [Connecting through datasource 'HikariDataSource (HikariPool-1)']
	Database driver: undefined/unknown
	Database version: 2.3.232
	Autocommit mode: undefined/unknown
	Isolation level: undefined/unknown
	Minimum pool size: undefined/unknown
	Maximum pool size: undefined/unknown
2025-12-27T23:00:56.823+05:30  INFO 13326 --- [Ecom] [           main] o.h.e.t.j.p.i.JtaPlatformInitiator       : HHH000489: No JTA platform available (set 'hibernate.transaction.jta.platform' to enable JTA platform integration)
Hibernate: 
    create table product (
        id integer generated by default as identity,
        brand varchar(255),
        category varchar(255),
        description varchar(255),
        image_data blob,
        image_name varchar(255),
        image_type varchar(255),
        name varchar(255),
        price numeric(38,2),
        product_available boolean,
        release_date timestamp(6),
        stock_quantity integer,
        primary key (id)
    )
Hibernate: 
    create table users (
        id bigint generated by default as identity,
        email varchar(255) not null,
        name varchar(255),
        password varchar(255) not null,
        role varchar(255),
        primary key (id)
    )
Hibernate: 
    alter table if exists users 
       drop constraint if exists UK6dotkott2kjsp8vw4d0m25fb7
Hibernate: 
    alter table if exists users 
       add constraint UK6dotkott2kjsp8vw4d0m25fb7 unique (email)
2025-12-27T23:00:56.848+05:30  INFO 13326 --- [Ecom] [           main] j.LocalContainerEntityManagerFactoryBean : Initialized JPA EntityManagerFactory for persistence unit 'default'
2025-12-27T23:00:56.995+05:30  INFO 13326 --- [Ecom] [           main] o.s.d.j.r.query.QueryEnhancerFactory     : Hibernate is in classpath; If applicable, HQL parser will be used.
2025-12-27T23:00:57.300+05:30  WARN 13326 --- [Ecom] [           main] JpaBaseConfiguration$JpaWebConfiguration : spring.jpa.open-in-view is enabled by default. Therefore, database queries may be performed during view rendering. Explicitly configure spring.jpa.open-in-view to disable this warning
2025-12-27T23:00:57.470+05:30  INFO 13326 --- [Ecom] [           main] o.s.b.a.h2.H2ConsoleAutoConfiguration    : H2 console available at '/h2-console'. Database available at 'jdbc:h2:mem:ecommerce'
2025-12-27T23:00:57.526+05:30  INFO 13326 --- [Ecom] [           main] o.s.b.w.embedded.tomcat.TomcatWebServer  : Tomcat started on port 8080 (http) with context path '/'
2025-12-27T23:00:57.535+05:30  INFO 13326 --- [Ecom] [           main] com.learn.Ecom.EcomApplication           : Started EcomApplication in 2.341 seconds (process running for 2.581)
Hibernate: 
    select
        u1_0.id,
        u1_0.email,
        u1_0.name,
        u1_0.password,
        u1_0.role 
    from
        users u1_0 
    where
        u1_0.email=?
Hibernate: 
    insert 
    into
        users
        (email, name, password, role, id) 
    values
        (?, ?, ?, ?, default)
Created default test user: test@local / password123
